// Jest Snapshot v1, https://goo.gl/fbAQLP

exports[`LoginPage route renders the LoginPage form 1`] = `
<section
  className="formPage lForm"
>
  <button
    className="backButton"
    onClick={[Function]}
  >
    <img
      alt="Go back"
      className="backArrow"
      src="/images/backarrow.png"
    />
    Back
  </button>
  <LoginForm
    onLoginSuccess={[Function]}
  />
  <div
    className="demoInstructions"
  >
    <p
      className="makeBold"
    >
      For Demo Version: 
    </p>
    Username: Guest
    <br />
    Password: Demo2020!
  </div>
</section>
`;
