// Jest Snapshot v1, https://goo.gl/fbAQLP

exports[`EditMenuItemPage component renders the EditMenuItemPage form 1`] = `
<section
  className="RFormContent"
>
  <h2
    className="formTitle"
  >
    Edit Menu Items
  </h2>
  <p
    className="editItemDesc"
  >
    After you make your changes, press the update button to update the item!
  </p>
  <div
    className="itemBox"
  >
    <div
      className="noItemsBox"
    >
      There are no items to edit for this restaurant...
    </div>
  </div>
  <div
    className="buttonBox"
  >
    <NavLink
      className="generalButton submit"
      to="/restaurants/1"
    >
      Finished
    </NavLink>
    <NavLink
      className="generalButton cancel"
      to="/account"
    >
      Cancel
    </NavLink>
  </div>
</section>
`;
