// Jest Snapshot v1, https://goo.gl/fbAQLP

exports[`DeleteUserPage route renders the DeleteUserPage form 1`] = `
<section
  className="deleteContent"
>
  <h2
    className="deleteHeading"
  >
    Deleting User...
  </h2>
  <div
    className="deleteBox"
  >
    <p
      className="deleteMessage"
    >
      Are you sure you want to 
      <span
        className="redandbold"
      >
        delete
      </span>
       this account?
    </p>
    <div
      className="deleteButtonBox"
    >
      <button
        className="deleteButton redshade redandbold"
        onClick={[Function]}
      >
        Delete
      </button>
      <button
        className="deleteButton yellowshade"
        onClick={[Function]}
      >
        Cancel
      </button>
    </div>
  </div>
</section>
`;
