// Jest Snapshot v1, https://goo.gl/fbAQLP

exports[`RegistrationPage component renders the RegistrationPage route 1`] = `
<section
  className="formPage registerPage"
>
  <button
    className="backButton"
    onClick={[Function]}
  >
    <img
      alt="Go back"
      className="backArrow"
      src="/images/backarrow.png"
    />
    Back
  </button>
  <RegistrationForm
    onRegistrationSuccess={[Function]}
  />
</section>
`;
